// Jest Snapshot v1, https://goo.gl/fbAQLP

exports[`PhpSnippet component matches snapshot 1`] = `
<DocumentFragment>
  <div
    class="mr-feature-flag-php-snippet-container"
  >
    <h3>
      PHP Snippet
    </h3>
    <button
      aria-label="Copy to clipboard"
      aria-pressed="false"
      class="components-button codeb-feature-flags-clipboard-base is-tertiary has-icon"
      type="button"
    >
      <span
        class="dashicon dashicons dashicons-clipboard"
      />
    </button>
    <pre
      style="display: block; overflow-x: auto; background: rgb(43, 43, 43); color: rgb(248, 248, 242); padding: 0.5em;"
    >
      <code
        class="language-php"
        style="white-space: pre;"
      >
        <span
          style="color: rgb(220, 198, 224);"
        >
          use
        </span>
        <span>
           
        </span>
        <span
          style="color: rgb(0, 224, 224);"
        >
          CodeB
        </span>
        <span>
          \\
        </span>
        <span
          style="color: rgb(0, 224, 224);"
        >
          FeatureFlags
        </span>
        <span>
          \\
        </span>
        <span
          style="color: rgb(0, 224, 224);"
        >
          Flag
        </span>
        <span>
          ;

        </span>
        <span />
        <span
          style="color: rgb(220, 198, 224);"
        >
          if
        </span>
        <span>
           ( class_exists( 
        </span>
        <span
          style="color: rgb(171, 227, 56);"
        >
          '\\CodeB\\FeatureFlags\\Flag'
        </span>
        <span>
           ) && Flag::is_enabled( 
        </span>
        <span
          style="color: rgb(171, 227, 56);"
        >
          'testFlag'
        </span>
        <span>
           ) ) {

        </span>
        <span>
          	
        </span>
        <span
          style="color: rgb(212, 208, 171);"
        >
          // php code goes here...
        </span>
        <span>
          

        </span>
        }
      </code>
    </pre>
  </div>
</DocumentFragment>
`;
