// Jest Snapshot v1, https://goo.gl/fbAQLP

exports[`Typescript snippet component renders without any error 1`] = `
<DocumentFragment>
  <div
    class="codeb-feature-flags-ts-snippet-container"
  >
    <h3>
      TypeScript support
    </h3>
    <p>
      Create a file named 
      <span
        class="codeb-feature-flags-filename"
      >
        flags.d.ts
      </span>
       at the entrypoint of TypeScript code for the plugin/theme ( usually
      <span
        class="codeb-feature-flags-slug"
      >
         src
      </span>
       directory ) and add the following declaration.
    </p>
    <div
      class="base16 darcula"
    >
      <button
        class="react_highlight_syntax_copy btn__dark "
      >
        <svg
          fill="none"
          height="24"
          stroke="currentColor"
          stroke-linecap="round"
          stroke-linejoin="round"
          stroke-width="2"
          viewBox="0 0 24 24"
          width="24"
          xmlns="http://www.w3.org/2000/svg"
        >
          <rect
            height="13"
            rx="2"
            ry="2"
            width="13"
            x="9"
            y="9"
          />
          <path
            d="M5 15H4a2 2 0 0 1-2-2V4a2 2 0 0 1 2-2h9a2 2 0 0 1 2 2v1"
          />
        </svg>
      </button>
      <pre>
        <code
          class="hljs language-typescript"
          data-type="react-highlight-syntax"
        >
          <span
            class="hljs-keyword"
          >
            declare
          </span>
           
          <span
            class="hljs-keyword"
          >
            namespace
          </span>
           codebFeatureFlags {
	
          <span
            class="hljs-keyword"
          >
            export
          </span>
           
          <span
            class="hljs-keyword"
          >
            interface
          </span>
           FeatureFlagProps {
        
          <span
            class="hljs-attr"
          >
            isEnabled
          </span>
          : 
          <span
            class="hljs-function"
          >
            (
            <span
              class="hljs-params"
            >
              flag: 
              <span
                class="hljs-built_in"
              >
                string
              </span>
            </span>
            ) =&gt;
          </span>
           
          <span
            class="hljs-built_in"
          >
            boolean
          </span>
          ;
    }
}

          <span
            class="hljs-keyword"
          >
            declare
          </span>
           
          <span
            class="hljs-built_in"
          >
            global
          </span>
           {
    
          <span
            class="hljs-keyword"
          >
            interface
          </span>
           Window {
        
          <span
            class="hljs-attr"
          >
            codebFeatureFlags
          </span>
          : codebFeatureFlags.FeatureFlagProps;
    }
}

          <span
            class="hljs-keyword"
          >
            export
          </span>
           {};
        </code>
      </pre>
    </div>
  </div>
</DocumentFragment>
`;
